2026-09-17 10:35:16 INFO  com.zaxxer.hikari.HikariDataSource - bankofcli-pool - Starting...
2026-09-17 10:35:16 INFO  com.zaxxer.hikari.pool.HikariPool - bankofcli-pool - Added connection org.postgresql.jdbc.PgConnection@47987356
2026-09-17 10:35:16 INFO  com.zaxxer.hikari.HikariDataSource - bankofcli-pool - Start completed.
2026-09-17 11:07:43 INFO  com.zaxxer.hikari.HikariDataSource - bankofcli-pool - Starting...
2026-09-17 11:07:44 INFO  com.zaxxer.hikari.pool.HikariPool - bankofcli-pool - Added connection org.postgresql.jdbc.PgConnection@4229bb3f
2026-09-17 11:07:44 INFO  com.zaxxer.hikari.HikariDataSource - bankofcli-pool - Start completed.
2026-09-17 11:13:44 INFO  com.zaxxer.hikari.HikariDataSource - bankofcli-pool - Starting...
2026-09-17 11:13:44 INFO  com.zaxxer.hikari.pool.HikariPool - bankofcli-pool - Added connection org.postgresql.jdbc.PgConnection@4229bb3f
2026-09-17 11:13:44 INFO  com.zaxxer.hikari.HikariDataSource - bankofcli-pool - Start completed.
2026-09-17 11:18:38 INFO  com.zaxxer.hikari.HikariDataSource - bankofcli-pool - Starting...
2026-09-17 11:18:38 INFO  com.zaxxer.hikari.pool.HikariPool - bankofcli-pool - Added connection org.postgresql.jdbc.PgConnection@7fee8714
2026-09-17 11:18:38 INFO  com.zaxxer.hikari.HikariDataSource - bankofcli-pool - Start completed.
2026-09-17 11:21:01 INFO  com.zaxxer.hikari.HikariDataSource - bankofcli-pool - Starting...
2026-09-17 11:21:01 INFO  com.zaxxer.hikari.pool.HikariPool - bankofcli-pool - Added connection org.postgresql.jdbc.PgConnection@73e22a3d
2026-09-17 11:21:01 INFO  com.zaxxer.hikari.HikariDataSource - bankofcli-pool - Start completed.
2026-09-17 13:35:40 INFO  com.bankofcli.ui.BankWebTest - Starting BankWebTest using Java 21.0.6 with PID 23592 (started by Bereket in C:\Users\Bereket\BankOfCLI)
2026-09-17 13:35:40 INFO  com.bankofcli.ui.BankWebTest - No active profile set, falling back to 1 default profile: "default"
2026-09-17 13:35:44 INFO  o.s.s.c.a.a.c.InitializeUserDetailsBeanManagerConfigurer$InitializeUserDetailsManagerConfigurer - Global AuthenticationManager configured with UserDetailsService bean with name userDetailsService
2026-09-17 13:35:46 INFO  o.s.b.t.m.w.SpringBootMockServletContext - Initializing Spring TestDispatcherServlet ''
2026-09-17 13:35:46 INFO  o.s.t.w.s.TestDispatcherServlet - Initializing Servlet ''
2026-09-17 13:35:46 INFO  o.s.t.w.s.TestDispatcherServlet - Completed initialization in 2 ms
2026-09-17 13:35:46 INFO  com.bankofcli.ui.BankWebTest - Started BankWebTest in 6.077 seconds (process running for 7.837)
2026-09-17 13:39:26 INFO  com.bankofcli.ui.MainTest - Starting Main using Java 21.0.6 with PID 436 (C:\Users\Bereket\BankOfCLI\target\classes started by Bereket in C:\Users\Bereket\BankOfCLI)
2026-09-17 13:39:26 INFO  com.bankofcli.ui.MainTest - No active profile set, falling back to 1 default profile: "default"
2026-09-17 13:39:27 INFO  o.s.b.w.e.tomcat.TomcatWebServer - Tomcat initialized with port 8080 (http)
2026-09-17 13:39:27 INFO  o.a.coyote.http11.Http11NioProtocol - Initializing ProtocolHandler ["http-nio-8080"]
2026-09-17 13:39:27 INFO  o.a.catalina.core.StandardService - Starting service [Tomcat]
2026-09-17 13:39:27 INFO  o.a.catalina.core.StandardEngine - Starting Servlet engine: [Apache Tomcat/10.1.55]
2026-09-17 13:39:28 INFO  o.a.c.c.C.[Tomcat].[localhost].[/] - Initializing Spring embedded WebApplicationContext
2026-09-17 13:39:28 INFO  o.s.b.w.s.c.ServletWebServerApplicationContext - Root WebApplicationContext: initialization completed in 1741 ms
2026-09-17 13:39:29 WARN  o.s.b.a.s.s.UserDetailsServiceAutoConfiguration - 

Using generated security password: f49b780d-fcf1-4c26-a596-f9e57973305e

This generated password is for development use only. Your security configuration must be updated before running your application in production.

2026-09-17 13:39:29 INFO  o.s.s.c.a.a.c.InitializeUserDetailsBeanManagerConfigurer$InitializeUserDetailsManagerConfigurer - Global AuthenticationManager configured with UserDetailsService bean with name inMemoryUserDetailsManager
2026-09-17 13:39:29 INFO  o.a.coyote.http11.Http11NioProtocol - Starting ProtocolHandler ["http-nio-8080"]
2026-09-17 13:39:30 INFO  o.s.b.w.e.tomcat.TomcatWebServer - Tomcat started on port 8080 (http) with context path '/'
2026-09-17 13:39:30 INFO  com.bankofcli.ui.MainTest - Started Main in 4.757 seconds (process running for 5.516)
2026-09-17 13:39:37 INFO  o.a.c.c.C.[Tomcat].[localhost].[/] - Initializing Spring DispatcherServlet 'dispatcherServlet'
2026-09-17 13:39:37 INFO  o.s.web.servlet.DispatcherServlet - Initializing Servlet 'dispatcherServlet'
2026-09-17 13:39:37 INFO  o.s.web.servlet.DispatcherServlet - Completed initialization in 0 ms
2026-09-17 13:52:48 INFO  o.s.s.c.a.a.c.InitializeUserDetailsBeanManagerConfigurer$InitializeUserDetailsManagerConfigurer - Global AuthenticationManager configured with UserDetailsService bean with name userDetailsService
2026-09-17 13:52:48 INFO  o.s.mock.web.MockServletContext - Initializing Spring TestDispatcherServlet ''
2026-09-17 13:52:48 INFO  o.s.t.w.s.TestDispatcherServlet - Initializing Servlet ''
2026-09-17 13:52:48 INFO  o.s.t.w.s.TestDispatcherServlet - Completed initialization in 2 ms
2026-09-17 13:52:48 INFO  o.s.mock.web.MockServletContext - Initializing Spring TestDispatcherServlet ''
2026-09-17 13:52:48 INFO  o.s.t.w.s.TestDispatcherServlet - Initializing Servlet ''
2026-09-17 13:52:48 INFO  o.s.t.w.s.TestDispatcherServlet - Completed initialization in 0 ms
2026-09-17 13:52:49 INFO  o.s.mock.web.MockServletContext - Initializing Spring TestDispatcherServlet ''
2026-09-17 13:52:49 INFO  o.s.t.w.s.TestDispatcherServlet - Initializing Servlet ''
2026-09-17 13:52:49 INFO  o.s.t.w.s.TestDispatcherServlet - Completed initialization in 0 ms
2026-09-17 13:52:49 INFO  o.s.mock.web.MockServletContext - Initializing Spring TestDispatcherServlet ''
2026-09-17 13:52:49 INFO  o.s.t.w.s.TestDispatcherServlet - Initializing Servlet ''
2026-09-17 13:52:49 INFO  o.s.t.w.s.TestDispatcherServlet - Completed initialization in 1 ms
2026-09-17 13:52:49 INFO  o.s.mock.web.MockServletContext - Initializing Spring TestDispatcherServlet ''
2026-09-17 13:52:49 INFO  o.s.t.w.s.TestDispatcherServlet - Initializing Servlet ''
2026-09-17 13:52:49 INFO  o.s.t.w.s.TestDispatcherServlet - Completed initialization in 1 ms
2026-09-17 13:52:49 INFO  o.s.mock.web.MockServletContext - Initializing Spring TestDispatcherServlet ''
2026-09-17 13:52:49 INFO  o.s.t.w.s.TestDispatcherServlet - Initializing Servlet ''
2026-09-17 13:52:49 INFO  o.s.t.w.s.TestDispatcherServlet - Completed initialization in 0 ms
2026-09-17 21:12:15 INFO  com.zaxxer.hikari.HikariDataSource - bankofcli-pool - Starting...
2026-09-17 21:12:16 INFO  com.zaxxer.hikari.pool.HikariPool - bankofcli-pool - Added connection org.postgresql.jdbc.PgConnection@73e22a3d
2026-09-17 21:12:16 INFO  com.zaxxer.hikari.HikariDataSource - bankofcli-pool - Start completed.
2026-09-17 21:15:15 INFO  com.zaxxer.hikari.HikariDataSource - bankofcli-pool - Starting...
2026-09-17 21:15:15 INFO  com.zaxxer.hikari.pool.HikariPool - bankofcli-pool - Added connection org.postgresql.jdbc.PgConnection@7fee8714
2026-09-17 21:15:15 INFO  com.zaxxer.hikari.HikariDataSource - bankofcli-pool - Start completed.
2026-09-17 21:26:08 INFO  com.zaxxer.hikari.HikariDataSource - bankofcli-pool - Starting...
2026-09-17 21:26:08 INFO  com.zaxxer.hikari.pool.HikariPool - bankofcli-pool - Added connection org.postgresql.jdbc.PgConnection@7fee8714
2026-09-17 21:26:08 INFO  com.zaxxer.hikari.HikariDataSource - bankofcli-pool - Start completed.
2026-09-17 21:28:47 INFO  com.zaxxer.hikari.HikariDataSource - bankofcli-pool - Starting...
2026-09-17 21:28:47 INFO  com.zaxxer.hikari.pool.HikariPool - bankofcli-pool - Added connection org.postgresql.jdbc.PgConnection@73e22a3d
2026-09-17 21:28:47 INFO  com.zaxxer.hikari.HikariDataSource - bankofcli-pool - Start completed.
